// Jest Snapshot v1, https://goo.gl/fbAQLP

exports[`Pruebas en <FirstApp /> debe hacer match con el snapshot  1`] = `
<div>
  <div
    data-testid="test-title"
  >
    TITULO
  </div>
  <h1>
    Hola soy el t√≠tulo
  </h1>
  <p>
    1
  </p>
  <p>
    Pablo
  </p>
</div>
`;
