// Jest Snapshot v1, https://goo.gl/fbAQLP

exports[`Pruebas en <FirstApp /> Debe hacer match con el snapshot  1`] = `
<div>
  <div
    data-testid="test-title"
  >
    Hola soy Juan Perez
  </div>
  <h1>
    Hola soy Juan Perez
  </h1>
  <p>
    1235
  </p>
  <p>
    Pablo
  </p>
</div>
`;
