// Jest Snapshot v1, https://goo.gl/fbAQLP

exports[`Pruebas en <Card/> Debe hacer match con el snapshot 1`] = `
<div>
  <div
    class="card"
  >
    <img
      alt="Sample title"
      src="https://media2.giphy.com/media/Ur3robVPYVLkk/giphy.gif?cid=d7999a31gua4s7aj94uzughixjxjfcg7813thsro5bxy86dh&ep=v1_gifs_search&rid=giphy.gif&ct=g"
    />
    <p>
      Sample title
    </p>
  </div>
</div>
`;
