// Jest Snapshot v1, https://goo.gl/fbAQLP

exports[`Pruebas en GifExpertApp Debe hacer match con el snapshot 1`] = `
<div>
  <h1>
    Gif Expert App
  </h1>
  <form
    aria-label="form"
  >
    <input
      placeholder="Buscar Gifs"
      type="text"
      value=""
    />
    <button>
      Agregar
    </button>
  </form>
  <h3>
    One Punch
  </h3>
  <div
    class="card-grid"
  >
    <h1>
      cargando...
    </h1>
  </div>
</div>
`;
